--------- beginning of main
11-18 13:09:50.889  7615  7736 I ReactNativeJS: Running "main"
11-18 13:10:00.915  7615  7935 I ReactNativeJS: Running "main" with {"rootTag":11,"initialProps":{"exp":{"initialUri":"exp://192.168.31.46:8081","shell":false,"manifestString":"{\"id\":\"ca329371-22e6-499d-a06d-49d20d485b6b\",\"createdAt\":\"2025-11-18T07:39:49.909Z\",\"runtimeVersion\":\"exposdk:54.0.0\",\"launchAsset\":{\"key\":\"bundle\",\"contentType\":\"application\\/javascript\",\"url\":\"http:\\/\\/192.168.31.46:8081\\/node_modules\\/expo-router\\/entry.bundle?platform=android&dev=true&hot=false&lazy=true&transform.engine=hermes&transform.bytecode=1&transform.routerRoot=app&transform.reactCompiler=true&unstable_transformProfile=hermes-stable\"},\"assets\":[],\"metadata\":{},\"extra\":{\"eas\":{},\"expoClient\":{\"name\":\"PostHeart\",\"slug\":\"PostHeart\",\"version\":\"1.0.0\",\"orientation\":\"portrait\",\"icon\":\".\\/assets\\/images\\/icon.png\",\"scheme\":\"postheart\",\"userInterfaceStyle\":\"automatic\",\"newArchEnabled\":true,\"ios\":{\"supportsTablet\":true},\"android\":{\"adaptiveIcon\":{\"backgroundColor\":\"#E6F4FE\",\"foregroundImage\":\".\\/assets\\/images\\/android-icon-foreground.png\",\"backgroundImage\":\".\\/assets\\/images\\/android-icon-background.png\",\"monochromeImage\":\".\\/assets\\/images\\/android-icon-monochrome.png\",\"foregroundImageUrl\":\"http:\\/\\/192.168.31.46:8081\\/assets\\/.\\/assets\\/images\\/android-icon-foreground.png\",\"monochromeImageUrl\":\"http:\\/\\/192.168.31.46:8081\\/assets\\/.\\/assets\\/images\\/android-icon-monochrome.png\",\"backgroundImageUrl\":\"http:\\/\\/192.168.31.46:8081\\/assets\\/.\\/assets\\/images\\/android-icon-background.png\"},\"edgeToEdgeEnabled\":true,\"predictiveBackGestureEnabled\":false},\"web\":{\"output\":\"static\",\"favicon\":\".\\/assets\\/images\\/favicon.png\"},\"plugins\":[\"expo-router\",[\"expo-splash-screen\",{\"image\":\".\\/assets\\/images\\/splash-icon.png\",\"imageWidth\":200,\"resizeMode\":\"contain\",\"backgroundColor\":\"#ffffff\",\"dark\":{\"backgroundColor\":\"#000000\"}}]],\"experiments\":{\"typedRoutes\":true,\"reactCompiler\":true},\"_internal\":{\"isDebug\":false,\"projectRoot\":\"D:\\\\Projects\\\\PostHeart\",\"dynamicConfigPath\":{},\"staticConfigPath\":\"D:\\\\Projects\\\\PostHeart\\\\app.json\",\"packageJsonPath\":\"D:\\\\Projects\\\\PostHeart\\\\package.json\",\"pluginHistory\":{\"expo-splash-screen\":{\"name\":\"expo-splash-screen\",\"version\":\"31.0.11\"}}},\"sdkVersion\":\"54.0.0\",\"platforms\":[\"ios\",\"android\",\"web\"],\"extra\":{\"router\":{}},\"androidStatusBar\":{\"backgroundColor\":\"#ffffff\"},\"iconUrl\":\"http:\\/\\/192.168.31.46:8081\\/assets\\/.\\/assets\\/images\\/icon.png\",\"hostUri\":\"192.168.31.46:8081\"},\"expoGo\":{\"debuggerHost\":\"192.168.31.46:8081\",\"developer\":{\"tool\":\"expo-cli\",\"projectRoot\":\"D:\\\\Projects\\\\PostHeart\"},\"packagerOpts\":{\"dev\":true},\"mainModuleName\":\"node_modules\\/expo-router\\/entry\"},\"scopeKey\":\"@anonymous\\/PostHeart-02adc093-05fc-47ae-99b1-d04c91f2a418\"},\"isVerified\":true}"}},"fabric":true}
11-18 13:10:03.277  7615  7736 I ReactNativeJS: Running "HomeMenu"
11-18 13:10:36.289  7615  7935 W ReactNativeJS: Cannot connect to Metro.
11-18 13:10:36.289  7615  7935 W ReactNativeJS: 
11-18 13:10:36.289  7615  7935 W ReactNativeJS: Try the following to fix the issue:
11-18 13:10:36.289  7615  7935 W ReactNativeJS: - Ensure that Metro is running and available on the same network
11-18 13:10:36.289  7615  7935 W ReactNativeJS: - Ensure that your device/emulator is connected to your machine and has USB debugging enabled - run 'adb devices' to see a list of connected devices
11-18 13:10:36.289  7615  7935 W ReactNativeJS: - If you're on a physical device connected to the same machine, run 'adb reverse tcp:8081 tcp:8081' to forward requests from your device
11-18 13:10:36.289  7615  7935 W ReactNativeJS: - If your device is on the same Wi-Fi network, set 'Debug server host & port for device' in 'Dev settings' to your machine's IP address and the port of the local dev server - e.g. 10.0.1.1:8081
11-18 13:10:36.289  7615  7935 W ReactNativeJS: 
11-18 13:10:36.289  7615  7935 W ReactNativeJS: URL: 192.168.31.46:8081
11-18 13:10:36.289  7615  7935 W ReactNativeJS: 
11-18 13:10:36.289  7615  7935 W ReactNativeJS: Error: undefined
11-18 13:18:28.759  7615  7736 I ReactNativeJS: Running "HomeMenu"
11-18 13:18:32.899  7615  8389 I ReactNativeJS: Running "main" with {"rootTag":41,"initialProps":{"exp":{"shell":false,"manifestString":"{\"id\":\"3ecce579-228b-4752-8f56-7b3bffccfbea\",\"createdAt\":\"2025-11-18T07:48:30.996Z\",\"runtimeVersion\":\"exposdk:54.0.0\",\"launchAsset\":{\"key\":\"bundle\",\"contentType\":\"application\\/javascript\",\"url\":\"http:\\/\\/192.168.31.46:8081\\/node_modules\\/expo-router\\/entry.bundle?platform=android&dev=true&hot=false&lazy=true&transform.engine=hermes&transform.bytecode=1&transform.routerRoot=app&transform.reactCompiler=true&unstable_transformProfile=hermes-stable\"},\"assets\":[],\"metadata\":{},\"extra\":{\"eas\":{},\"expoClient\":{\"name\":\"PostHeart\",\"slug\":\"PostHeart\",\"version\":\"1.0.0\",\"orientation\":\"portrait\",\"icon\":\".\\/assets\\/images\\/icon.png\",\"scheme\":\"postheart\",\"userInterfaceStyle\":\"automatic\",\"newArchEnabled\":true,\"ios\":{\"supportsTablet\":true},\"android\":{\"adaptiveIcon\":{\"backgroundColor\":\"#E6F4FE\",\"foregroundImage\":\".\\/assets\\/images\\/android-icon-foreground.png\",\"backgroundImage\":\".\\/assets\\/images\\/android-icon-background.png\",\"monochromeImage\":\".\\/assets\\/images\\/android-icon-monochrome.png\",\"foregroundImageUrl\":\"http:\\/\\/192.168.31.46:8081\\/assets\\/.\\/assets\\/images\\/android-icon-foreground.png\",\"monochromeImageUrl\":\"http:\\/\\/192.168.31.46:8081\\/assets\\/.\\/assets\\/images\\/android-icon-monochrome.png\",\"backgroundImageUrl\":\"http:\\/\\/192.168.31.46:8081\\/assets\\/.\\/assets\\/images\\/android-icon-background.png\"},\"edgeToEdgeEnabled\":true,\"predictiveBackGestureEnabled\":false},\"web\":{\"output\":\"static\",\"favicon\":\".\\/assets\\/images\\/favicon.png\"},\"plugins\":[\"expo-router\",[\"expo-splash-screen\",{\"image\":\".\\/assets\\/images\\/splash-icon.png\",\"imageWidth\":200,\"resizeMode\":\"contain\",\"backgroundColor\":\"#ffffff\",\"dark\":{\"backgroundColor\":\"#000000\"}}]],\"experiments\":{\"typedRoutes\":true,\"reactCompiler\":true},\"_internal\":{\"isDebug\":false,\"projectRoot\":\"D:\\\\Projects\\\\PostHeart\",\"dynamicConfigPath\":{},\"staticConfigPath\":\"D:\\\\Projects\\\\PostHeart\\\\app.json\",\"packageJsonPath\":\"D:\\\\Projects\\\\PostHeart\\\\package.json\",\"pluginHistory\":{\"expo-splash-screen\":{\"name\":\"expo-splash-screen\",\"version\":\"31.0.11\"}}},\"sdkVersion\":\"54.0.0\",\"platforms\":[\"ios\",\"android\",\"web\"],\"extra\":{\"router\":{}},\"androidStatusBar\":{\"backgroundColor\":\"#ffffff\"},\"iconUrl\":\"http:\\/\\/192.168.31.46:8081\\/assets\\/.\\/assets\\/images\\/icon.png\",\"hostUri\":\"192.168.31.46:8081\"},\"expoGo\":{\"debuggerHost\":\"192.168.31.46:8081\",\"developer\":{\"tool\":\"expo-cli\",\"projectRoot\":\"D:\\\\Projects\\\\PostHeart\"},\"packagerOpts\":{\"dev\":true},\"mainModuleName\":\"node_modules\\/expo-router\\/entry\"},\"scopeKey\":\"@anonymous\\/PostHeart-02adc093-05fc-47ae-99b1-d04c91f2a418\"},\"isVerified\":true}"}},"fabric":true}
11-18 13:18:33.176  7615  8389 W ReactNativeJS: 'Route "./(tabs)/index.tsx" is missing the required default export. Ensure a React component is exported as default.', { [Stack] name: 'Stack' }
11-18 13:18:33.323  7615  8389 W ReactNativeJS: '[Layout children]: No route named "index" exists in nested children:', [ 'explore' ], { [Stack] name: 'Stack' }
11-18 13:25:15.019  7615  8389 W ReactNativeJS: Cannot connect to Metro.
11-18 13:25:15.019  7615  8389 W ReactNativeJS: 
11-18 13:25:15.019  7615  8389 W ReactNativeJS: Try the following to fix the issue:
11-18 13:25:15.019  7615  8389 W ReactNativeJS: - Ensure that Metro is running and available on the same network
11-18 13:25:15.019  7615  8389 W ReactNativeJS: - Ensure that your device/emulator is connected to your machine and has USB debugging enabled - run 'adb devices' to see a list of connected devices
11-18 13:25:15.019  7615  8389 W ReactNativeJS: - If you're on a physical device connected to the same machine, run 'adb reverse tcp:8081 tcp:8081' to forward requests from your device
11-18 13:25:15.019  7615  8389 W ReactNativeJS: - If your device is on the same Wi-Fi network, set 'Debug server host & port for device' in 'Dev settings' to your machine's IP address and the port of the local dev server - e.g. 10.0.1.1:8081
11-18 13:25:15.019  7615  8389 W ReactNativeJS: 
11-18 13:25:15.019  7615  8389 W ReactNativeJS: URL: 192.168.31.46:8081
11-18 13:25:15.019  7615  8389 W ReactNativeJS: 
11-18 13:25:15.019  7615  8389 W ReactNativeJS: Error: undefined
11-18 14:04:49.540 11005 11084 I ReactNativeJS: Running "main" with {"rootTag":1,"initialProps":{},"fabric":true}
11-18 14:09:55.791 11347 11387 I ReactNativeJS: Running "main" with {"rootTag":1,"initialProps":{},"fabric":true}
11-18 14:10:03.261 11347 11421 I ReactNativeJS: Running "main" with {"rootTag":1,"initialProps":{},"fabric":true}
11-18 14:10:46.884 11347 11421 W ReactNativeJS: Cannot connect to Metro.
11-18 14:10:46.884 11347 11421 W ReactNativeJS: 
11-18 14:10:46.884 11347 11421 W ReactNativeJS: Try the following to fix the issue:
11-18 14:10:46.884 11347 11421 W ReactNativeJS: - Ensure that Metro is running and available on the same network
11-18 14:10:46.884 11347 11421 W ReactNativeJS: - Ensure that your device/emulator is connected to your machine and has USB debugging enabled - run 'adb devices' to see a list of connected devices
11-18 14:10:46.884 11347 11421 W ReactNativeJS: - If you're on a physical device connected to the same machine, run 'adb reverse tcp:8081 tcp:8081' to forward requests from your device
11-18 14:10:46.884 11347 11421 W ReactNativeJS: - If your device is on the same Wi-Fi network, set 'Debug server host & port for device' in 'Dev settings' to your machine's IP address and the port of the local dev server - e.g. 10.0.1.1:8081
11-18 14:10:46.884 11347 11421 W ReactNativeJS: 
11-18 14:10:46.884 11347 11421 W ReactNativeJS: URL: 10.0.2.2:8081
11-18 14:10:46.884 11347 11421 W ReactNativeJS: 
11-18 14:10:46.884 11347 11421 W ReactNativeJS: Error: undefined
11-18 14:11:29.904 11347 11506 W ReactNativeJS: Cannot connect to Metro.
11-18 14:11:29.904 11347 11506 W ReactNativeJS: 
11-18 14:11:29.904 11347 11506 W ReactNativeJS: Try the following to fix the issue:
11-18 14:11:29.904 11347 11506 W ReactNativeJS: - Ensure that Metro is running and available on the same network
11-18 14:11:29.904 11347 11506 W ReactNativeJS: - Ensure that your device/emulator is connected to your machine and has USB debugging enabled - run 'adb devices' to see a list of connected devices
11-18 14:11:29.904 11347 11506 W ReactNativeJS: - If you're on a physical device connected to the same machine, run 'adb reverse tcp:8081 tcp:8081' to forward requests from your device
11-18 14:11:29.904 11347 11506 W ReactNativeJS: - If your device is on the same Wi-Fi network, set 'Debug server host & port for device' in 'Dev settings' to your machine's IP address and the port of the local dev server - e.g. 10.0.1.1:8081
11-18 14:11:29.904 11347 11506 W ReactNativeJS: 
11-18 14:11:29.904 11347 11506 W ReactNativeJS: URL: 10.0.2.2:8081
11-18 14:11:29.904 11347 11506 W ReactNativeJS: 
11-18 14:11:29.904 11347 11506 W ReactNativeJS: Error: undefined
11-18 14:11:48.058 11347 11549 I ReactNativeJS: Running "main" with {"rootTag":1,"initialProps":{},"fabric":true}
11-18 14:12:01.724 11347 11549 W ReactNativeJS: Cannot connect to Metro.
11-18 14:12:01.724 11347 11549 W ReactNativeJS: 
11-18 14:12:01.724 11347 11549 W ReactNativeJS: Try the following to fix the issue:
11-18 14:12:01.724 11347 11549 W ReactNativeJS: - Ensure that Metro is running and available on the same network
11-18 14:12:01.724 11347 11549 W ReactNativeJS: - Ensure that your device/emulator is connected to your machine and has USB debugging enabled - run 'adb devices' to see a list of connected devices
11-18 14:12:01.724 11347 11549 W ReactNativeJS: - If you're on a physical device connected to the same machine, run 'adb reverse tcp:8081 tcp:8081' to forward requests from your device
11-18 14:12:01.724 11347 11549 W ReactNativeJS: - If your device is on the same Wi-Fi network, set 'Debug server host & port for device' in 'Dev settings' to your machine's IP address and the port of the local dev server - e.g. 10.0.1.1:8081
11-18 14:12:01.724 11347 11549 W ReactNativeJS: 
11-18 14:12:01.724 11347 11549 W ReactNativeJS: URL: 10.0.2.2:8081
11-18 14:12:01.724 11347 11549 W ReactNativeJS: 
11-18 14:12:01.724 11347 11549 W ReactNativeJS: Error: undefined
11-18 14:15:43.335 11760 11804 I ReactNativeJS: Running "main" with {"rootTag":1,"initialProps":{},"fabric":true}
11-18 14:15:51.842 11760 11835 I ReactNativeJS: Running "main" with {"rootTag":1,"initialProps":{},"fabric":true}
11-18 14:16:03.646 11760 11835 W ReactNativeJS: Cannot connect to Metro.
11-18 14:16:03.646 11760 11835 W ReactNativeJS: 
11-18 14:16:03.646 11760 11835 W ReactNativeJS: Try the following to fix the issue:
11-18 14:16:03.646 11760 11835 W ReactNativeJS: - Ensure that Metro is running and available on the same network
11-18 14:16:03.646 11760 11835 W ReactNativeJS: - Ensure that your device/emulator is connected to your machine and has USB debugging enabled - run 'adb devices' to see a list of connected devices
11-18 14:16:03.646 11760 11835 W ReactNativeJS: - If you're on a physical device connected to the same machine, run 'adb reverse tcp:8081 tcp:8081' to forward requests from your device
11-18 14:16:03.646 11760 11835 W ReactNativeJS: - If your device is on the same Wi-Fi network, set 'Debug server host & port for device' in 'Dev settings' to your machine's IP address and the port of the local dev server - e.g. 10.0.1.1:8081
11-18 14:16:03.646 11760 11835 W ReactNativeJS: 
11-18 14:16:03.646 11760 11835 W ReactNativeJS: URL: 10.0.2.2:8081
11-18 14:16:03.646 11760 11835 W ReactNativeJS: 
11-18 14:16:03.646 11760 11835 W ReactNativeJS: Error: undefined
11-18 14:16:37.337 11760 11927 I ReactNativeJS: Running "main" with {"rootTag":1,"initialProps":{},"fabric":true}
11-18 14:16:45.531 11760 11924 W ReactNativeJS: Cannot connect to Metro.
11-18 14:16:45.531 11760 11924 W ReactNativeJS: 
11-18 14:16:45.531 11760 11924 W ReactNativeJS: Try the following to fix the issue:
11-18 14:16:45.531 11760 11924 W ReactNativeJS: - Ensure that Metro is running and available on the same network
11-18 14:16:45.531 11760 11924 W ReactNativeJS: - Ensure that your device/emulator is connected to your machine and has USB debugging enabled - run 'adb devices' to see a list of connected devices
11-18 14:16:45.531 11760 11924 W ReactNativeJS: - If you're on a physical device connected to the same machine, run 'adb reverse tcp:8081 tcp:8081' to forward requests from your device
11-18 14:16:45.531 11760 11924 W ReactNativeJS: - If your device is on the same Wi-Fi network, set 'Debug server host & port for device' in 'Dev settings' to your machine's IP address and the port of the local dev server - e.g. 10.0.1.1:8081
11-18 14:16:45.531 11760 11924 W ReactNativeJS: 
11-18 14:16:45.531 11760 11924 W ReactNativeJS: URL: 10.0.2.2:8081
11-18 14:16:45.531 11760 11924 W ReactNativeJS: 
11-18 14:16:45.531 11760 11924 W ReactNativeJS: Error: undefined
11-18 14:16:45.533 11760 11927 W ReactNativeJS: Failed to open DevTools. Please check that the dev server is running and reload the app.
11-18 14:16:45.535 11760 11927 W ReactNativeJS: Cannot connect to Metro.
11-18 14:16:45.535 11760 11927 W ReactNativeJS: 
11-18 14:16:45.535 11760 11927 W ReactNativeJS: Try the following to fix the issue:
11-18 14:16:45.535 11760 11927 W ReactNativeJS: - Ensure that Metro is running and available on the same network
11-18 14:16:45.535 11760 11927 W ReactNativeJS: - Ensure that your device/emulator is connected to your machine and has USB debugging enabled - run 'adb devices' to see a list of connected devices
11-18 14:16:45.535 11760 11927 W ReactNativeJS: - If you're on a physical device connected to the same machine, run 'adb reverse tcp:8081 tcp:8081' to forward requests from your device
11-18 14:16:45.535 11760 11927 W ReactNativeJS: - If your device is on the same Wi-Fi network, set 'Debug server host & port for device' in 'Dev settings' to your machine's IP address and the port of the local dev server - e.g. 10.0.1.1:8081
11-18 14:16:45.535 11760 11927 W ReactNativeJS: 
11-18 14:16:45.535 11760 11927 W ReactNativeJS: URL: 10.0.2.2:8081
11-18 14:16:45.535 11760 11927 W ReactNativeJS: 
11-18 14:16:45.535 11760 11927 W ReactNativeJS: Error: undefined
11-18 14:19:35.252 12210 12262 I ReactNativeJS: Running "main"
11-18 14:19:48.546 12210 12442 I ReactNativeJS: Running "main" with {"rootTag":11,"initialProps":{"exp":{"initialUri":"exp://192.168.31.46:8081","shell":false,"manifestString":"{\"id\":\"d81a6ce7-8be3-4bdf-b79c-3d5c76a19188\",\"createdAt\":\"2025-11-18T08:49:45.908Z\",\"runtimeVersion\":\"exposdk:54.0.0\",\"launchAsset\":{\"key\":\"bundle\",\"contentType\":\"application\\/javascript\",\"url\":\"http:\\/\\/192.168.31.46:8081\\/index.bundle?platform=android&dev=true&hot=false&lazy=true&transform.engine=hermes&transform.bytecode=1&transform.routerRoot=app&transform.reactCompiler=true&unstable_transformProfile=hermes-stable\"},\"assets\":[],\"metadata\":{},\"extra\":{\"eas\":{},\"expoClient\":{\"name\":\"PostHeart\",\"slug\":\"PostHeart\",\"version\":\"1.0.0\",\"orientation\":\"portrait\",\"icon\":\".\\/assets\\/images\\/icon.png\",\"scheme\":\"postheart\",\"userInterfaceStyle\":\"automatic\",\"newArchEnabled\":true,\"ios\":{\"supportsTablet\":true},\"android\":{\"adaptiveIcon\":{\"backgroundColor\":\"#E6F4FE\",\"foregroundImage\":\".\\/assets\\/images\\/android-icon-foreground.png\",\"backgroundImage\":\".\\/assets\\/images\\/android-icon-background.png\",\"monochromeImage\":\".\\/assets\\/images\\/android-icon-monochrome.png\",\"foregroundImageUrl\":\"http:\\/\\/192.168.31.46:8081\\/assets\\/.\\/assets\\/images\\/android-icon-foreground.png\",\"monochromeImageUrl\":\"http:\\/\\/192.168.31.46:8081\\/assets\\/.\\/assets\\/images\\/android-icon-monochrome.png\",\"backgroundImageUrl\":\"http:\\/\\/192.168.31.46:8081\\/assets\\/.\\/assets\\/images\\/android-icon-background.png\"},\"edgeToEdgeEnabled\":true,\"predictiveBackGestureEnabled\":false,\"package\":\"com.anonymous.PostHeart\"},\"web\":{\"output\":\"static\",\"favicon\":\".\\/assets\\/images\\/favicon.png\"},\"plugins\":[\"expo-router\",[\"expo-splash-screen\",{\"image\":\".\\/assets\\/images\\/splash-icon.png\",\"imageWidth\":200,\"resizeMode\":\"contain\",\"backgroundColor\":\"#ffffff\",\"dark\":{\"backgroundColor\":\"#000000\"}}],[\"react-native-android-widget\",{\"widgets\":[{\"name\":\"HelloWidget\",\"label\":\"PostHeart Note\",\"minWidth\":\"320dp\",\"minHeight\":\"120dp\",\"description\":\"Shows your latest note\",\"previewImage\":\".\\/assets\\/images\\/icon.png\"}]}]],\"experiments\":{\"typedRoutes\":true,\"reactCompiler\":true},\"_internal\":{\"isDebug\":false,\"projectRoot\":\"D:\\\\Projects\\\\PostHeart\",\"dynamicConfigPath\":{},\"staticConfigPath\":\"D:\\\\Projects\\\\PostHeart\\\\app.json\",\"packageJsonPath\":\"D:\\\\Projects\\\\PostHeart\\\\package.json\",\"pluginHistory\":{\"expo-splash-screen\":{\"name\":\"expo-splash-screen\",\"version\":\"31.0.11\"}}},\"sdkVersion\":\"54.0.0\",\"platforms\":[\"ios\",\"android\",\"web\"],\"extra\":{\"router\":{}},\"androidStatusBar\":{\"backgroundColor\":\"#ffffff\"},\"iconUrl\":\"http:\\/\\/192.168.31.46:8081\\/assets\\/.\\/assets\\/images\\/icon.png\",\"hostUri\":\"192.168.31.46:8081\"},\"expoGo\":{\"debuggerHost\":\"192.168.31.46:8081\",\"developer\":{\"tool\":\"expo-cli\",\"projectRoot\":\"D:\\\\Projects\\\\PostHeart\"},\"packagerOpts\":{\"dev\":true},\"mainModuleName\":\"index\"},\"scopeKey\":\"@anonymous\\/PostHeart-02adc093-05fc-47ae-99b1-d04c91f2a418\"},\"isVerified\":true}"}},"fabric":true}
11-18 14:19:57.488 12210 12442 W ReactNativeJS: Cannot connect to Metro.
11-18 14:19:57.488 12210 12442 W ReactNativeJS: 
11-18 14:19:57.488 12210 12442 W ReactNativeJS: Try the following to fix the issue:
11-18 14:19:57.488 12210 12442 W ReactNativeJS: - Ensure that Metro is running and available on the same network
11-18 14:19:57.488 12210 12442 W ReactNativeJS: - Ensure that your device/emulator is connected to your machine and has USB debugging enabled - run 'adb devices' to see a list of connected devices
11-18 14:19:57.488 12210 12442 W ReactNativeJS: - If you're on a physical device connected to the same machine, run 'adb reverse tcp:8081 tcp:8081' to forward requests from your device
11-18 14:19:57.488 12210 12442 W ReactNativeJS: - If your device is on the same Wi-Fi network, set 'Debug server host & port for device' in 'Dev settings' to your machine's IP address and the port of the local dev server - e.g. 10.0.1.1:8081
11-18 14:19:57.488 12210 12442 W ReactNativeJS: 
11-18 14:19:57.488 12210 12442 W ReactNativeJS: URL: 192.168.31.46:8081
11-18 14:19:57.488 12210 12442 W ReactNativeJS: 
11-18 14:19:57.488 12210 12442 W ReactNativeJS: Error: undefined
11-18 14:20:28.942 12569 12645 I ReactNativeJS: Running "main"
11-18 14:20:40.899 12569 12763 I ReactNativeJS: Running "main" with {"rootTag":11,"initialProps":{"exp":{"initialUri":"exp://192.168.31.46:8081","shell":false,"manifestString":"{\"id\":\"d198bca4-0083-43b1-89ef-77045ab4d0a3\",\"createdAt\":\"2025-11-18T08:50:27.797Z\",\"runtimeVersion\":\"exposdk:54.0.0\",\"launchAsset\":{\"key\":\"bundle\",\"contentType\":\"application\\/javascript\",\"url\":\"http:\\/\\/192.168.31.46:8081\\/index.bundle?platform=android&dev=true&hot=false&lazy=true&transform.engine=hermes&transform.bytecode=1&transform.routerRoot=app&transform.reactCompiler=true&unstable_transformProfile=hermes-stable\"},\"assets\":[],\"metadata\":{},\"extra\":{\"eas\":{},\"expoClient\":{\"name\":\"PostHeart\",\"slug\":\"PostHeart\",\"version\":\"1.0.0\",\"orientation\":\"portrait\",\"icon\":\".\\/assets\\/images\\/icon.png\",\"scheme\":\"postheart\",\"userInterfaceStyle\":\"automatic\",\"newArchEnabled\":true,\"ios\":{\"supportsTablet\":true},\"android\":{\"adaptiveIcon\":{\"backgroundColor\":\"#E6F4FE\",\"foregroundImage\":\".\\/assets\\/images\\/android-icon-foreground.png\",\"backgroundImage\":\".\\/assets\\/images\\/android-icon-background.png\",\"monochromeImage\":\".\\/assets\\/images\\/android-icon-monochrome.png\",\"foregroundImageUrl\":\"http:\\/\\/192.168.31.46:8081\\/assets\\/.\\/assets\\/images\\/android-icon-foreground.png\",\"monochromeImageUrl\":\"http:\\/\\/192.168.31.46:8081\\/assets\\/.\\/assets\\/images\\/android-icon-monochrome.png\",\"backgroundImageUrl\":\"http:\\/\\/192.168.31.46:8081\\/assets\\/.\\/assets\\/images\\/android-icon-background.png\"},\"edgeToEdgeEnabled\":true,\"predictiveBackGestureEnabled\":false,\"package\":\"com.anonymous.PostHeart\"},\"web\":{\"output\":\"static\",\"favicon\":\".\\/assets\\/images\\/favicon.png\"},\"plugins\":[\"expo-router\",[\"expo-splash-screen\",{\"image\":\".\\/assets\\/images\\/splash-icon.png\",\"imageWidth\":200,\"resizeMode\":\"contain\",\"backgroundColor\":\"#ffffff\",\"dark\":{\"backgroundColor\":\"#000000\"}}],[\"react-native-android-widget\",{\"widgets\":[{\"name\":\"HelloWidget\",\"label\":\"PostHeart Note\",\"minWidth\":\"320dp\",\"minHeight\":\"120dp\",\"description\":\"Shows your latest note\",\"previewImage\":\".\\/assets\\/images\\/icon.png\"}]}]],\"experiments\":{\"typedRoutes\":true,\"reactCompiler\":true},\"_internal\":{\"isDebug\":false,\"projectRoot\":\"D:\\\\Projects\\\\PostHeart\",\"dynamicConfigPath\":{},\"staticConfigPath\":\"D:\\\\Projects\\\\PostHeart\\\\app.json\",\"packageJsonPath\":\"D:\\\\Projects\\\\PostHeart\\\\package.json\",\"pluginHistory\":{\"expo-splash-screen\":{\"name\":\"expo-splash-screen\",\"version\":\"31.0.11\"}}},\"sdkVersion\":\"54.0.0\",\"platforms\":[\"ios\",\"android\",\"web\"],\"extra\":{\"router\":{}},\"androidStatusBar\":{\"backgroundColor\":\"#ffffff\"},\"iconUrl\":\"http:\\/\\/192.168.31.46:8081\\/assets\\/.\\/assets\\/images\\/icon.png\",\"hostUri\":\"192.168.31.46:8081\"},\"expoGo\":{\"debuggerHost\":\"192.168.31.46:8081\",\"developer\":{\"tool\":\"expo-cli\",\"projectRoot\":\"D:\\\\Projects\\\\PostHeart\"},\"packagerOpts\":{\"dev\":true},\"mainModuleName\":\"index\"},\"scopeKey\":\"@anonymous\\/PostHeart-02adc093-05fc-47ae-99b1-d04c91f2a418\"},\"isVerified\":true}"}},"fabric":true}
11-18 14:20:46.460 12584 12774 W ReactNativeJS: Cannot connect to Metro.
11-18 14:20:46.460 12584 12774 W ReactNativeJS: 
11-18 14:20:46.460 12584 12774 W ReactNativeJS: Try the following to fix the issue:
11-18 14:20:46.460 12584 12774 W ReactNativeJS: - Ensure that Metro is running and available on the same network
11-18 14:20:46.460 12584 12774 W ReactNativeJS: - Ensure that your device/emulator is connected to your machine and has USB debugging enabled - run 'adb devices' to see a list of connected devices
11-18 14:20:46.460 12584 12774 W ReactNativeJS: - If you're on a physical device connected to the same machine, run 'adb reverse tcp:8081 tcp:8081' to forward requests from your device
11-18 14:20:46.460 12584 12774 W ReactNativeJS: - If your device is on the same Wi-Fi network, set 'Debug server host & port for device' in 'Dev settings' to your machine's IP address and the port of the local dev server - e.g. 10.0.1.1:8081
11-18 14:20:46.460 12584 12774 W ReactNativeJS: 
11-18 14:20:46.460 12584 12774 W ReactNativeJS: URL: 10.0.2.2:8081
11-18 14:20:46.460 12584 12774 W ReactNativeJS: 
11-18 14:20:46.460 12584 12774 W ReactNativeJS: Error: undefined
11-18 14:20:51.283 12584 12827 I ReactNativeJS: Running "main" with {"rootTag":1,"initialProps":{},"fabric":true}
11-18 14:20:52.757 12569 12763 W ReactNativeJS: Cannot connect to Metro.
11-18 14:20:52.757 12569 12763 W ReactNativeJS: 
11-18 14:20:52.757 12569 12763 W ReactNativeJS: Try the following to fix the issue:
11-18 14:20:52.757 12569 12763 W ReactNativeJS: - Ensure that Metro is running and available on the same network
11-18 14:20:52.757 12569 12763 W ReactNativeJS: - Ensure that your device/emulator is connected to your machine and has USB debugging enabled - run 'adb devices' to see a list of connected devices
11-18 14:20:52.757 12569 12763 W ReactNativeJS: - If you're on a physical device connected to the same machine, run 'adb reverse tcp:8081 tcp:8081' to forward requests from your device
11-18 14:20:52.757 12569 12763 W ReactNativeJS: - If your device is on the same Wi-Fi network, set 'Debug server host & port for device' in 'Dev settings' to your machine's IP address and the port of the local dev server - e.g. 10.0.1.1:8081
11-18 14:20:52.757 12569 12763 W ReactNativeJS: 
11-18 14:20:52.757 12569 12763 W ReactNativeJS: URL: 192.168.31.46:8081
11-18 14:20:52.757 12569 12763 W ReactNativeJS: 
11-18 14:20:52.757 12569 12763 W ReactNativeJS: Error: undefined
11-18 14:22:35.926 12584 12899 I ReactNativeJS: Running "main" with {"rootTag":1,"initialProps":{},"fabric":true}
